# listChildren1Node expected file
# tests if the listChildren method can be added to graph
# listChildren lists all the children of a node

# Create a graph
created graph g1

# Create a node
added node n1 to g1

# Create an edge
added edge e1 from n1 to n1 in g1

# Print the nodes in the graph
g1 contains: n1
the children of n1 in g1 are: n1(e1)