# listNodes3graph expected file
# tests if you can listNodes with 3 graphs
# listNodes lists all the nodes of 3 graphs

# Create a graph
created graph g1
created graph g2
created graph g3

# Create a node
added node n1 to g1
added node n1 to g2
added node n1 to g3

# Print the nodes in the graph
g1 contains: n1
g2 contains: n1
g3 contains: n1